    url = <url>
    fetch = <refspec>

See git-config(1) for details.
vagrant@precise32:~/printf$ git pull origin master
From https://github.com/chriswill88/printf
 * branch            master     -> FETCH_HEAD
Already up-to-date.
vagrant@precise32:~/printf$ emacs man_3_printf

[5]+  Stopped                 emacs man_3_printf
vagrant@precise32:~/printf$ emacs man_3_printf
vagrant@precise32:~/printf$ ./man_3_printf
-bash: ./man_3_printf: Permission denied
vagrant@precise32:~/printf$ chmod u+x man_3_printf
vagrant@precise32:~/printf$ ./man_3_printf
./man_3_printf: line 1: .": command not found
./man_3_printf: line 2: .TH: command not found
./man_3_printf: line 3: .SH: command not found
./man_3_printf: line 5: .SH: command not found
./man_3_printf: line 7: .SH: command not found
./man_3_printf: line 9: .SH: command not found
./man_3_printf: line 11: .SH: command not found
./man_3_printf: line 13: .SH: command not found
./man_3_printf: line 14: No: command not found
./man_3_printf: line 15: .SH: command not found
./man_3_printf: line 16: Christian: command not found
vagrant@precise32:~/printf$ emacs man_3_printf
vagrant@precise32:~/printf$ man ./man_3_printf




.\" Manpage for _printf.
.\" Contact humeincreations@gmail.com to correct errors or typos.
.TH man 3 "29 July 2019" "1.0" "_printf man page"
.SH NAME
_printf \- formatted output conversion
.SH SYNOPSIS
#include "holberton.h"

#include <stdarg.h>

.B int _printf(const char *format, ...);
.SH DESCRIPTION
The functions in _printf produce output according to format specifiers described
below. The ouput is
.I stdout
the standard output stream;
.SS FORMAT OF FORMAt STRING
The format string given handles zero or more directives: ordinary characters
(non specified (%)), are printed unchanged to the output stream. Conversion
specifiers are introduced w/ (%_specifier). Each conversion specification is
introduced by the characer %, and ends with a
.I conversion specifier.
At this time there is no
.I flags,
.I field width, precision,
and
.I length modifier.
The arguments my compliment properly with provided specifier. The arguments are
used in the order given.
.SH Conversion Specifiers
A character that specifies the type of conversion to be applied.



.SH SEE ALSO
 
.SH BUGS
No known bugs.
.SH AUTHOR
Christian Williams and Andrew Graf
